// Jest Snapshot v1, https://goo.gl/fbAQLP

exports[`OrderDetails renders an empty screen layout if there is no order 1`] = `
<RCTSafeAreaView
  style={
    Object {
      "flex": 1,
    }
  }
>
  <View
    style={
      Array [
        Object {
          "backgroundColor": "#FFFFFF",
          "flex": 1,
        },
        undefined,
      ]
    }
  />
</RCTSafeAreaView>
`;
